Reference Contains Templates With Types (kind) Not Supported By Cluster: ClusterRole, ClusterRoleBinding, ConfigMap, Deployment, Role, RoleBinding, Secret, Service, ServiceAccount
Summary
Reference Hash: 821B4ECA-8B5600F9-4A550EF9-72321AC1-99DD37C9-DE65E7A1-196E5A12-B6F0A6E2
CRs with diffs: 0/1
CRs in reference missing from the cluster: 5
ExamplePart1:
  Dashboard1:
  - cm.yaml
  Dashboard2:
  - deploymentDashboard.yaml
  - deploymentMetrics.yaml
ExamplePart2:
  Dashboard1:
  - cr.yaml
  Dashboard2:
  - crb.yaml
No CRs are unmatched to reference CRs
