**********************************

Cluster CR: v1_ConfigMap_kubernetes-dashboard_kubernetes-dashboard-settings2
Reference File: a/g.yaml
Diff Output: diff -u -N TEMP/v1_configmap_kubernetes-dashboard_kubernetes-dashboard-settings2 TEMP/v1_configmap_kubernetes-dashboard_kubernetes-dashboard-settings2
--- TEMP/v1_configmap_kubernetes-dashboard_kubernetes-dashboard-settings2	DATE
+++ TEMP/v1_configmap_kubernetes-dashboard_kubernetes-dashboard-settings2	DATE
@@ -2,6 +2,6 @@
 kind: ConfigMap
 metadata:
   labels:
-    k8s-app: kubernetes-dashboard
+    k8s-app: kubernetes-dashboard-diff
   name: kubernetes-dashboard-settings2
   namespace: kubernetes-dashboard

**********************************

Summary
Reference Hash: DAA42611-ACD8BC86-828EFA8D-13A2C806-211F5028-D3494C04-A8E4B7E9-F6D473B9
CRs with diffs: 1/1
No CRs are missing from the cluster
No CRs are unmatched to reference CRs
