Reference Contains Templates With Types (kind) Not Supported By Cluster: ClusterRole, ClusterRoleBinding, ConfigMap, Deployment, Role, RoleBinding, Secret, Service, ServiceAccount
Summary
Reference Hash: FA34353F-14D07AD7-23F18279-7A5726B1-E64C01B7-3E1B951D-D272DB41-F69A6E4A
CRs with diffs: 0/1
CRs in reference missing from the cluster: 1
ExamplePart1:
  Dashboard1:
  - cm.yaml
No CRs are unmatched to reference CRs
