skipping fieldsToOmitRefs entry: "IDontExist" not found it fieldsToOmit Items
skipping fieldsToOmitRefs entry: "IDontExist" not found it fieldsToOmit Items
skipping fieldsToOmitRefs entry: "IDontExist" not found it fieldsToOmit Items
Summary
CRs with diffs: 0/1
No CRs are missing from the cluster
No CRs are unmatched to reference CRs
