**********************************

Cluster CR: apps/v1_Deployment_kubernetes-dashboard_kubernetes-dashboard
Reference File: deploymentDashboard.yaml
Diff Output: None

**********************************

Cluster CR: apps/v1_Deployment_kubernetes-dashboard_dashboard-metrics-scraper
Reference File: deploymentMetrics.yaml
Diff Output: None

**********************************

Summary
Reference Hash: 4EA4D779-08BA75E2-BBEF2B0A-B97F2B82-F75AB19E-E84E2E5D-E5E56937-99947F9D
CRs with diffs: 0/2
No CRs are missing from the cluster
No CRs are unmatched to reference CRs
