Reference Contains Templates With Types (kind) Not Supported By Cluster: KindNotSupportedByCluster
Summary
Reference Hash: ED8F1930-8340FCF5-B86D94AD-0F7AB59E-0BD1B217-27745C02-CF35142C-C59043B3
CRs with diffs: 0/1
CRs in reference missing from the cluster: 1
ExamplePart:
  DemonSets:
  - apps.v1.KindNotSupportedByCluster.kube-system.kindnet.yaml
No CRs are unmatched to reference CRs
