{"Summary":{"RequiredCRS":{"ExamplePart":{"Dashboard":["deploymentDashboard.yaml"]}},"NumMissing":1,"UnmatchedCRS":[],"NumDiffCRs":1,"TotalCRs":1,"ReferenceHash":"4EA4D779-08BA75E2-BBEF2B0A-B97F2B82-F75AB19E-E84E2E5D-E5E56937-99947F9D"},"Diffs":[{"DiffOutput":"diff -u -N TEMP/apps-v1_deployment_kubernetes-dashboard_dashboard-metrics-scraper TEMP/apps-v1_deployment_kubernetes-dashboard_dashboard-metrics-scraper\n--- TEMP/apps-v1_deployment_kubernetes-dashboard_dashboard-metrics-scraper\tDATE\n+++ TEMP/apps-v1_deployment_kubernetes-dashboard_dashboard-metrics-scraper\tDATE\n@@ -10,7 +10,7 @@\n   revisionHistoryLimit: 10\n   selector:\n     matchLabels:\n-      k8s-app: dashboard-metrics-scraper\n+      k8s-app: dashboard-metrics-scraper-diff\n   template:\n     metadata:\n       labels:\n","CorrelatedTemplate":"deploymentMetrics.yaml","CRName":"apps/v1_Deployment_kubernetes-dashboard_dashboard-metrics-scraper"}]}
