Reference Contains Templates With Types (kind) Not Supported By Cluster: ClusterRole, ClusterRoleBinding, ConfigMap, Deployment, Role, RoleBinding, Secret, Service, ServiceAccount
Summary
Reference Hash: 21651759-04F91804-DE1C6691-D233F67F-48DC643E-7C1C591B-AC40407E-D45E18C9
CRs with diffs: 0/1
No CRs are missing from the cluster
No CRs are unmatched to reference CRs
